<?xml version="1.0" encoding="UTF-8"?>
<testsuites name="jest tests" tests="2" failures="0" errors="0" time="3.377">
  <testsuite name="mockingoose" errors="0" failures="0" skipped="0" timestamp="2024-08-31T10:47:39" time="1.724" tests="1">
    <testcase classname="mockingoose Test Both Fields Are Set Validate Model" name="mockingoose Test Both Fields Are Set Validate Model" time="0.015">
    </testcase>
  </testsuite>
  <testsuite name="Add Note" errors="0" failures="0" skipped="0" timestamp="2024-08-31T10:47:39" time="2.262" tests="1">
    <testcase classname="Add Note Should add a new note and redirect to login" name="Add Note Should add a new note and redirect to login" time="0.095">
    </testcase>
  </testsuite>
</testsuites>